Γû▓ Next.js 16.2.2 (Turbopack)

  Creating an optimized production build ...
node.exe : 
At C:\Program 
Files\nodejs\npx.ps1:29 
char:3
+   & $NODE_EXE 
$NPX_CLI_JS $args
+   ~~~~~~~~~~~~~~~~~~~~~~
~~~~~~~
    + CategoryInfo        
      : NotSpecified: (:  
  String) [], RemoteExc   
 eption
    + FullyQualifiedError 
   Id : NativeCommandErr  
  or
 
> Build error occurred
Error: Turbopack build 
failed with 1 errors:
./src/app/listing/[id]/pag
e.js:105:8
Next.js can't recognize 
the exported 
`generateStaticParams` 
field in route. App pages 
cannot use both "use 
client" and export 
function 
"generateStaticParams()".
  [90m103 |[0m }
  [90m104 |[0m
[31m[1m>[0m [90m105 
|[0m [36mexport[0m 
[36mfunction[0m 
generateStaticParams() {
  [90m    |[0m        [
31m[1m^^^^^^^^^^^^^^^^^^^
^^^^^^^^^^^^^[0m
[31m[1m>[0m [90m106 
|[0m   [36mreturn[0m mo
ckListings.map((listing) 
=> ({
  [90m    |[0m [31m[1m
^^^^^^^^^^^^^^^^^^^^^^^^^^
^^^^^^^^^^^^^^^[0m
[31m[1m>[0m [90m107 
|[0m     id: listing.id,
  [90m    |[0m [31m[1m
^^^^^^^^^^^^^^^^^^^[0m
[31m[1m>[0m [90m108 
|[0m   }));
  [90m    |[0m 
[31m[1m^^^^^^[0m
[31m[1m>[0m [90m109 
|[0m }
  [90m    |[0m 
[31m[1m^[0m
  [90m110 |[0m

The exported 
configuration object in a 
source file needs to have 
a very specific format 
from which some 
properties can be 
statically parsed at 
compiled-time.

Import traces:
  Client Component 
Browser:
    ./src/app/listing/[id]
/page.js [Client 
Component Browser]
    ./src/app/listing/[id]
/page.js [Server 
Component]

  Client Component SSR:
    ./src/app/listing/[id]
/page.js [Client 
Component SSR]
    ./src/app/listing/[id]
/page.js [Server 
Component]

https://nextjs.org/docs/ap
p/api-reference/file-conve
ntions/route-segment-confi
g


    at <unknown> (./src/ap
p/listing/[id]/page.js:105
:8)
    at <unknown> (https://
nextjs.org/docs/app/api-re
ference/file-conventions/r
oute-segment-config)
